// Jest Snapshot v1, https://goo.gl/fbAQLP

exports[`conversion header -> createHeader 1`] = `"import React from \\"react\\";import styled from \\"styled-components\\";import lugiax, { bindTo, connect, bind } from \\"@lugia/lugiax\\";import  { deepMerge } from \\"@lugia/object-utils\\";import { Theme, DesignResponsive } from \\"@lugia/lugia-web\\";"`;

exports[`conversion header -> createHeader 2`] = `"import React from \\"react\\";import styled from \\"styled-components\\";import lugiax, { bindTo, connect, bind } from \\"@lugia/lugiax\\";import  { deepMerge } from \\"@lugia/object-utils\\";import { Theme, DesignResponsive } from \\"@lugia/lugia-web\\";import { Table } from '@lugia/lugia-web';"`;

exports[`conversion header -> createHeader childrenComponent 1`] = `"import React from \\"react\\";import styled from \\"styled-components\\";import lugiax, { bindTo, connect, bind } from \\"@lugia/lugiax\\";import  { deepMerge } from \\"@lugia/object-utils\\";import { Theme, DesignResponsive } from \\"@lugia/lugia-web\\";import { Table } from '@lugia/lugia-web';import { Checkbox } from '@lugia/lugia-web';"`;

exports[`conversion header -> createHeader toMatchSnapshot 1`] = `
Object {
  "packages": "import React from \\"react\\";import styled from \\"styled-components\\";import lugiax, { bindTo, connect, bind } from \\"@lugia/lugiax\\";import  { deepMerge } from \\"@lugia/object-utils\\";import { Theme, DesignResponsive } from \\"@lugia/lugia-web\\";",
  "styledComponentCode": "",
}
`;
